                                                                            
                        OUTSTANDING  FEES  REPORT                           
                       ---------------------------                          


 STUDENT  NAME                STUDENT NO.   FEES     AMT PAID    AMT OUTSTND
---------------------------   -----------  -------- ----------- -------------
ANDREWS BRITANNY ANN            9315678     $1,834     $400.50   $1,433.50  
BRICE ROBERT JOHN               9316789     $1,834     $350.75   $1,483.25  
GLASS ROLLY                     9325678     $1,834      $10.00   $1,824.00  
GLASS SHELLY                    9326789     $1,834     $200.00   $1,634.00  
I'VE PAID SOME 1                9315555     $1,834   $1,833.50       $0.50  
I'VE PAID SOME 2                9325555     $1,834   $1,800.50      $33.50  
I'VE PAID SOME 3                9335555     $1,834   $1,001.00     $833.00  
I'VE PAID SOME 4                9346666     $1,834     $525.75   $1,308.25  
MURPHY VIOLET                   9314567     $1,834     $100.00   $1,734.00  
O'BRIEN OSCAR JOHN              9313456     $1,834     $200.00   $1,634.00  
O'BRIEN RUTH                    9345678     $1,834       $0.00   $1,834.00  
O'CONNOR RUPERT                 9324567     $1,834     $100.00   $1,734.00  
O'MALLEY REWTHAN                9346789     $1,834     $222.22   $1,611.78  
O'SULLIVAN PATRICK              9356789     $1,834     $333.33   $1,500.67  
RYAN ANDREW                     9312344     $1,834     $400.00   $1,434.00  
TULLY MARY                      9336789     $1,834      $70.00   $1,764.00  
WINSTON FREDERICK               9334567     $1,834      $20.00   $1,814.00  
WONDERFUL MISTER                9335678     $1,834     $700.00   $1,134.00  
ZIMMER JOHN PETER               9323456     $1,834   $1,000.00     $834.00  


                                         TOTAL OUTSTANDING =    $25,578.45  
